error[E0432]: unresolved import `abc`
  --> $DIR/issue-33464.rs:3:5
   |
LL | use abc::one_el;
   |     ^^^ could not find `abc` in `{{root}}`

error[E0432]: unresolved import `abc`
  --> $DIR/issue-33464.rs:5:5
   |
LL | use abc::{a, bbb, cccccc};
   |     ^^^ could not find `abc` in `{{root}}`

error[E0432]: unresolved import `a_very_long_name`
  --> $DIR/issue-33464.rs:7:5
   |
LL | use a_very_long_name::{el, el2};
   |     ^^^^^^^^^^^^^^^^ could not find `a_very_long_name` in `{{root}}`

error: aborting due to 3 previous errors

For more information about this error, try `rustc --explain E0432`.
