error[E0432]: unresolved import `main`
  --> $DIR/import3.rs:2:5
   |
LL | use main::bar;
   |     ^^^^ could not find `main` in `{{root}}`

error: aborting due to previous error

For more information about this error, try `rustc --explain E0432`.
