error[E0432]: unresolved import `something`
  --> $DIR/E0432.rs:1:5
   |
LL | use something::Foo; //~ ERROR E0432
   |     ^^^^^^^^^ could not find `something` in `{{root}}`

error: aborting due to previous error

For more information about this error, try `rustc --explain E0432`.
